00:00 +0: loading C:/Users/mento/Downloads/todo_test/test/features/tasks/task_bloc_test.dart
00:00 +0: C:/Users/mento/Downloads/todo_test/test/features/tasks/task_bloc_test.dart: (setUpAll)
00:00 +0: C:/Users/mento/Downloads/todo_test/test/features/tasks/task_bloc_test.dart: TaskBloc initial state is TaskInitial
00:00 +0 -1: C:/Users/mento/Downloads/todo_test/test/features/tasks/task_bloc_test.dart: TaskBloc initial state is TaskInitial [E]
  HiveError: You need to initialize Hive or provide a path to store the box.
  package:hive_ce/src/backend/vm/backend_manager.dart 30:7                         BackendManager.open
  package:hive_ce/src/hive_impl.dart 110:36                                        HiveImpl._openBox
  package:hive_ce/src/hive_impl.dart 174:18                                        HiveImpl.openBox
  package:todo_test/features/settings/presentation/bloc/settings_cubit.dart 17:23  SettingsCubit._init
  package:todo_test/features/settings/presentation/bloc/settings_cubit.dart 13:5   new SettingsCubit
  test\features\tasks\task_bloc_test.dart 45:21                                    main.<fn>
  ===== asynchronous gap ===========================
  dart:async                                                                       _Completer.completeError
  package:hive_ce/src/hive_impl.dart 150:19                                        HiveImpl._openBox
  ===== asynchronous gap ===========================
  dart:async                                                                       _CustomZone.registerBinaryCallback
  package:hive_ce/src/hive_impl.dart 110:21                                        HiveImpl._openBox
  package:hive_ce/src/hive_impl.dart 174:18                                        HiveImpl.openBox
  package:todo_test/features/settings/presentation/bloc/settings_cubit.dart 17:23  SettingsCubit._init
  package:todo_test/features/settings/presentation/bloc/settings_cubit.dart 13:5   new SettingsCubit
  test\features\tasks\task_bloc_test.dart 45:21                                    main.<fn>
  
00:00 +0 -1: C:/Users/mento/Downloads/todo_test/test/features/tasks/task_bloc_test.dart: TaskBloc emits [TaskLoaded] when LoadTasks is added and tasks are returned
00:00 +0 -2: C:/Users/mento/Downloads/todo_test/test/features/tasks/task_bloc_test.dart: TaskBloc emits [TaskLoaded] when LoadTasks is added and tasks are returned [E]
  HiveError: You need to initialize Hive or provide a path to store the box.
  package:hive_ce/src/backend/vm/backend_manager.dart 30:7                         BackendManager.open
  package:hive_ce/src/hive_impl.dart 110:36                                        HiveImpl._openBox
  package:hive_ce/src/hive_impl.dart 174:18                                        HiveImpl.openBox
  package:todo_test/features/settings/presentation/bloc/settings_cubit.dart 17:23  SettingsCubit._init
  package:todo_test/features/settings/presentation/bloc/settings_cubit.dart 13:5   new SettingsCubit
  test\features\tasks\task_bloc_test.dart 45:21                                    main.<fn>
  ===== asynchronous gap ===========================
  dart:async                                                                       _Completer.completeError
  package:hive_ce/src/hive_impl.dart 150:19                                        HiveImpl._openBox
  ===== asynchronous gap ===========================
  dart:async                                                                       _CustomZone.registerBinaryCallback
  package:hive_ce/src/hive_impl.dart 110:21                                        HiveImpl._openBox
  package:hive_ce/src/hive_impl.dart 174:18                                        HiveImpl.openBox
  package:todo_test/features/settings/presentation/bloc/settings_cubit.dart 17:23  SettingsCubit._init
  package:todo_test/features/settings/presentation/bloc/settings_cubit.dart 13:5   new SettingsCubit
  test\features\tasks\task_bloc_test.dart 45:21                                    main.<fn>
  
  Expected: [<<Instance of 'TaskLoading'>>, <<Instance of 'TaskLoaded'>>]
    Actual: [
              TaskLoading:TaskLoading(),
              TaskError:TaskError(type 'Null' is not a subtype of type 'Future<void>')
            ]
     Which: at location [1] is TaskError:<TaskError(type 'Null' is not a subtype of type 'Future<void>')> which is not an instance of 'TaskLoaded'
  
  package:matcher                              expect
  package:bloc_test/src/bloc_test.dart 218:16  testBloc.<fn>
  ===== asynchronous gap ===========================
  dart:async                                   _Completer.completeError
  package:bloc_test/src/bloc_test.dart 255:43  _runZonedGuarded.<fn>
  ===== asynchronous gap ===========================
  dart:async                                   _CustomZone.registerBinaryCallback
  package:bloc_test/src/bloc_test.dart 252:5   _runZonedGuarded.<fn>
  dart:async                                   runZonedGuarded
  package:bloc_test/src/bloc_test.dart 251:3   _runZonedGuarded
  package:bloc_test/src/bloc_test.dart 198:11  testBloc
  package:bloc_test/src/bloc_test.dart 156:13  blocTest.<fn>
  
00:00 +0 -2: C:/Users/mento/Downloads/todo_test/test/features/tasks/task_bloc_test.dart: TaskBloc emits [TaskLoaded] with empty list when no tasks exist
00:00 +0 -3: C:/Users/mento/Downloads/todo_test/test/features/tasks/task_bloc_test.dart: TaskBloc emits [TaskLoaded] with empty list when no tasks exist [E]
  HiveError: You need to initialize Hive or provide a path to store the box.
  package:hive_ce/src/backend/vm/backend_manager.dart 30:7                         BackendManager.open
  package:hive_ce/src/hive_impl.dart 110:36                                        HiveImpl._openBox
  package:hive_ce/src/hive_impl.dart 174:18                                        HiveImpl.openBox
  package:todo_test/features/settings/presentation/bloc/settings_cubit.dart 17:23  SettingsCubit._init
  package:todo_test/features/settings/presentation/bloc/settings_cubit.dart 13:5   new SettingsCubit
  test\features\tasks\task_bloc_test.dart 45:21                                    main.<fn>
  ===== asynchronous gap ===========================
  dart:async                                                                       _Completer.completeError
  package:hive_ce/src/hive_impl.dart 150:19                                        HiveImpl._openBox
  ===== asynchronous gap ===========================
  dart:async                                                                       _CustomZone.registerBinaryCallback
  package:hive_ce/src/hive_impl.dart 110:21                                        HiveImpl._openBox
  package:hive_ce/src/hive_impl.dart 174:18                                        HiveImpl.openBox
  package:todo_test/features/settings/presentation/bloc/settings_cubit.dart 17:23  SettingsCubit._init
  package:todo_test/features/settings/presentation/bloc/settings_cubit.dart 13:5   new SettingsCubit
  test\features\tasks\task_bloc_test.dart 45:21                                    main.<fn>
  
  Expected: [
              <<Instance of 'TaskLoading'>>,
              <<Instance of 'TaskLoaded'> with `tasks count`: <0>>
            ]
    Actual: [
              TaskLoading:TaskLoading(),
              TaskError:TaskError(type 'Null' is not a subtype of type 'Future<void>')
            ]
     Which: at location [1] is TaskError:<TaskError(type 'Null' is not a subtype of type 'Future<void>')> which is not an instance of 'TaskLoaded'
  
  package:matcher                              expect
  package:bloc_test/src/bloc_test.dart 218:16  testBloc.<fn>
  ===== asynchronous gap ===========================
  dart:async                                   _Completer.completeError
  package:bloc_test/src/bloc_test.dart 255:43  _runZonedGuarded.<fn>
  ===== asynchronous gap ===========================
  dart:async                                   _CustomZone.registerBinaryCallback
  package:bloc_test/src/bloc_test.dart 252:5   _runZonedGuarded.<fn>
  dart:async                                   runZonedGuarded
  package:bloc_test/src/bloc_test.dart 251:3   _runZonedGuarded
  package:bloc_test/src/bloc_test.dart 198:11  testBloc
  package:bloc_test/src/bloc_test.dart 156:13  blocTest.<fn>
  
00:00 +0 -3: C:/Users/mento/Downloads/todo_test/test/features/tasks/task_bloc_test.dart: TaskBloc calls repository.addTask when AddTask event is added
00:00 +0 -4: C:/Users/mento/Downloads/todo_test/test/features/tasks/task_bloc_test.dart: TaskBloc calls repository.addTask when AddTask event is added [E]
  HiveError: You need to initialize Hive or provide a path to store the box.
  package:hive_ce/src/backend/vm/backend_manager.dart 30:7                         BackendManager.open
  package:hive_ce/src/hive_impl.dart 110:36                                        HiveImpl._openBox
  package:hive_ce/src/hive_impl.dart 174:18                                        HiveImpl.openBox
  package:todo_test/features/settings/presentation/bloc/settings_cubit.dart 17:23  SettingsCubit._init
  package:todo_test/features/settings/presentation/bloc/settings_cubit.dart 13:5   new SettingsCubit
  test\features\tasks\task_bloc_test.dart 45:21                                    main.<fn>
  ===== asynchronous gap ===========================
  dart:async                                                                       _Completer.completeError
  package:hive_ce/src/hive_impl.dart 150:19                                        HiveImpl._openBox
  ===== asynchronous gap ===========================
  dart:async                                                                       _CustomZone.registerBinaryCallback
  package:hive_ce/src/hive_impl.dart 110:21                                        HiveImpl._openBox
  package:hive_ce/src/hive_impl.dart 174:18                                        HiveImpl.openBox
  package:todo_test/features/settings/presentation/bloc/settings_cubit.dart 17:23  SettingsCubit._init
  package:todo_test/features/settings/presentation/bloc/settings_cubit.dart 13:5   new SettingsCubit
  test\features\tasks\task_bloc_test.dart 45:21                                    main.<fn>
  
  No matching calls (actually, no calls at all).
  (If you called `verify(...).called(0);`, please instead use `verifyNever(...);`.)
  package:matcher                                 fail
  package:mocktail/src/mocktail.dart 728:7        _VerifyCall._checkWith
  package:mocktail/src/mocktail.dart 519:18       _makeVerify.<fn>
  test\features\tasks\task_bloc_test.dart 131:15  main.<fn>.<fn>
  package:bloc_test/src/bloc_test.dart 228:21     testBloc.<fn>
  ===== asynchronous gap ===========================
  dart:async                                      _Completer.completeError
  package:bloc_test/src/bloc_test.dart 255:43     _runZonedGuarded.<fn>
  ===== asynchronous gap ===========================
  dart:async                                      _CustomZone.registerBinaryCallback
  package:bloc_test/src/bloc_test.dart 252:5      _runZonedGuarded.<fn>
  dart:async                                      runZonedGuarded
  package:bloc_test/src/bloc_test.dart 251:3      _runZonedGuarded
  package:bloc_test/src/bloc_test.dart 198:11     testBloc
  package:bloc_test/src/bloc_test.dart 156:13     blocTest.<fn>
  
00:00 +0 -4: C:/Users/mento/Downloads/todo_test/test/features/tasks/task_bloc_test.dart: TaskBloc calls repository.deleteTask when DeleteTask event is added
00:00 +0 -5: C:/Users/mento/Downloads/todo_test/test/features/tasks/task_bloc_test.dart: TaskBloc calls repository.deleteTask when DeleteTask event is added [E]
  HiveError: You need to initialize Hive or provide a path to store the box.
  package:hive_ce/src/backend/vm/backend_manager.dart 30:7                         BackendManager.open
  package:hive_ce/src/hive_impl.dart 110:36                                        HiveImpl._openBox
  package:hive_ce/src/hive_impl.dart 174:18                                        HiveImpl.openBox
  package:todo_test/features/settings/presentation/bloc/settings_cubit.dart 17:23  SettingsCubit._init
  package:todo_test/features/settings/presentation/bloc/settings_cubit.dart 13:5   new SettingsCubit
  test\features\tasks\task_bloc_test.dart 45:21                                    main.<fn>
  ===== asynchronous gap ===========================
  dart:async                                                                       _Completer.completeError
  package:hive_ce/src/hive_impl.dart 150:19                                        HiveImpl._openBox
  ===== asynchronous gap ===========================
  dart:async                                                                       _CustomZone.registerBinaryCallback
  package:hive_ce/src/hive_impl.dart 110:21                                        HiveImpl._openBox
  package:hive_ce/src/hive_impl.dart 174:18                                        HiveImpl.openBox
  package:todo_test/features/settings/presentation/bloc/settings_cubit.dart 17:23  SettingsCubit._init
  package:todo_test/features/settings/presentation/bloc/settings_cubit.dart 13:5   new SettingsCubit
  test\features\tasks\task_bloc_test.dart 45:21                                    main.<fn>
  
00:00 +0 -5: C:/Users/mento/Downloads/todo_test/test/features/tasks/task_bloc_test.dart: TaskBloc calls repository.updateTask when ToggleTaskStatus is added
00:00 +0 -6: C:/Users/mento/Downloads/todo_test/test/widget_test.dart: App builds without errors
00:00 +0 -6: C:/Users/mento/Downloads/todo_test/test/features/tasks/task_bloc_test.dart: TaskBloc calls repository.updateTask when ToggleTaskStatus is added [E]
  HiveError: You need to initialize Hive or provide a path to store the box.
  package:hive_ce/src/backend/vm/backend_manager.dart 30:7                         BackendManager.open
  package:hive_ce/src/hive_impl.dart 110:36                                        HiveImpl._openBox
  package:hive_ce/src/hive_impl.dart 174:18                                        HiveImpl.openBox
  package:todo_test/features/settings/presentation/bloc/settings_cubit.dart 17:23  SettingsCubit._init
  package:todo_test/features/settings/presentation/bloc/settings_cubit.dart 13:5   new SettingsCubit
  test\features\tasks\task_bloc_test.dart 45:21                                    main.<fn>
  ===== asynchronous gap ===========================
  dart:async                                                                       _Completer.completeError
  package:hive_ce/src/hive_impl.dart 150:19                                        HiveImpl._openBox
  ===== asynchronous gap ===========================
  dart:async                                                                       _CustomZone.registerBinaryCallback
  package:hive_ce/src/hive_impl.dart 110:21                                        HiveImpl._openBox
  package:hive_ce/src/hive_impl.dart 174:18                                        HiveImpl.openBox
  package:todo_test/features/settings/presentation/bloc/settings_cubit.dart 17:23  SettingsCubit._init
  package:todo_test/features/settings/presentation/bloc/settings_cubit.dart 13:5   new SettingsCubit
  test\features\tasks\task_bloc_test.dart 45:21                                    main.<fn>
  
00:00 +0 -7: C:/Users/mento/Downloads/todo_test/test/widget_test.dart: App builds without errors
00:00 +0 -7: C:/Users/mento/Downloads/todo_test/test/features/tasks/task_bloc_test.dart: TaskBloc emits [TaskLoaded] with filtered tasks when FilterTasks is added [E]
  HiveError: You need to initialize Hive or provide a path to store the box.
  package:hive_ce/src/backend/vm/backend_manager.dart 30:7                         BackendManager.open
  package:hive_ce/src/hive_impl.dart 110:36                                        HiveImpl._openBox
  package:hive_ce/src/hive_impl.dart 174:18                                        HiveImpl.openBox
  package:todo_test/features/settings/presentation/bloc/settings_cubit.dart 17:23  SettingsCubit._init
  package:todo_test/features/settings/presentation/bloc/settings_cubit.dart 13:5   new SettingsCubit
  test\features\tasks\task_bloc_test.dart 45:21                                    main.<fn>
  ===== asynchronous gap ===========================
  dart:async                                                                       _Completer.completeError
  package:hive_ce/src/hive_impl.dart 150:19                                        HiveImpl._openBox
  ===== asynchronous gap ===========================
  dart:async                                                                       _CustomZone.registerBinaryCallback
  package:hive_ce/src/hive_impl.dart 110:21                                        HiveImpl._openBox
  package:hive_ce/src/hive_impl.dart 174:18                                        HiveImpl.openBox
  package:todo_test/features/settings/presentation/bloc/settings_cubit.dart 17:23  SettingsCubit._init
  package:todo_test/features/settings/presentation/bloc/settings_cubit.dart 13:5   new SettingsCubit
  test\features\tasks\task_bloc_test.dart 45:21                                    main.<fn>
  
00:00 +0 -8: C:/Users/mento/Downloads/todo_test/test/widget_test.dart: App builds without errors
00:00 +0 -8: C:/Users/mento/Downloads/todo_test/test/features/tasks/task_bloc_test.dart: TaskEntity copyWith creates a new instance with updated fields [E]
  HiveError: You need to initialize Hive or provide a path to store the box.
  package:hive_ce/src/backend/vm/backend_manager.dart 30:7                         BackendManager.open
  package:hive_ce/src/hive_impl.dart 110:36                                        HiveImpl._openBox
  package:hive_ce/src/hive_impl.dart 174:18                                        HiveImpl.openBox
  package:todo_test/features/settings/presentation/bloc/settings_cubit.dart 17:23  SettingsCubit._init
  package:todo_test/features/settings/presentation/bloc/settings_cubit.dart 13:5   new SettingsCubit
  test\features\tasks\task_bloc_test.dart 45:21                                    main.<fn>
  ===== asynchronous gap ===========================
  dart:async                                                                       _Completer.completeError
  package:hive_ce/src/hive_impl.dart 150:19                                        HiveImpl._openBox
  ===== asynchronous gap ===========================
  dart:async                                                                       _CustomZone.registerBinaryCallback
  package:hive_ce/src/hive_impl.dart 110:21                                        HiveImpl._openBox
  package:hive_ce/src/hive_impl.dart 174:18                                        HiveImpl.openBox
  package:todo_test/features/settings/presentation/bloc/settings_cubit.dart 17:23  SettingsCubit._init
  package:todo_test/features/settings/presentation/bloc/settings_cubit.dart 13:5   new SettingsCubit
  test\features\tasks\task_bloc_test.dart 45:21                                    main.<fn>
  
00:00 +0 -9: C:/Users/mento/Downloads/todo_test/test/widget_test.dart: App builds without errors
00:00 +0 -9: C:/Users/mento/Downloads/todo_test/test/features/tasks/task_bloc_test.dart: TaskEntity isCompleted returns true when status is completed [E]
  HiveError: You need to initialize Hive or provide a path to store the box.
  package:hive_ce/src/backend/vm/backend_manager.dart 30:7                         BackendManager.open
  package:hive_ce/src/hive_impl.dart 110:36                                        HiveImpl._openBox
  package:hive_ce/src/hive_impl.dart 174:18                                        HiveImpl.openBox
  package:todo_test/features/settings/presentation/bloc/settings_cubit.dart 17:23  SettingsCubit._init
  package:todo_test/features/settings/presentation/bloc/settings_cubit.dart 13:5   new SettingsCubit
  test\features\tasks\task_bloc_test.dart 45:21                                    main.<fn>
  ===== asynchronous gap ===========================
  dart:async                                                                       _Completer.completeError
  package:hive_ce/src/hive_impl.dart 150:19                                        HiveImpl._openBox
  ===== asynchronous gap ===========================
  dart:async                                                                       _CustomZone.registerBinaryCallback
  package:hive_ce/src/hive_impl.dart 110:21                                        HiveImpl._openBox
  package:hive_ce/src/hive_impl.dart 174:18                                        HiveImpl.openBox
  package:todo_test/features/settings/presentation/bloc/settings_cubit.dart 17:23  SettingsCubit._init
  package:todo_test/features/settings/presentation/bloc/settings_cubit.dart 13:5   new SettingsCubit
  test\features\tasks\task_bloc_test.dart 45:21                                    main.<fn>
  
00:00 +0 -10: C:/Users/mento/Downloads/todo_test/test/widget_test.dart: App builds without errors
00:00 +0 -10: C:/Users/mento/Downloads/todo_test/test/features/tasks/task_bloc_test.dart: TaskEntity isOverdue returns true for past due date on incomplete task [E]
  HiveError: You need to initialize Hive or provide a path to store the box.
  package:hive_ce/src/backend/vm/backend_manager.dart 30:7                         BackendManager.open
  package:hive_ce/src/hive_impl.dart 110:36                                        HiveImpl._openBox
  package:hive_ce/src/hive_impl.dart 174:18                                        HiveImpl.openBox
  package:todo_test/features/settings/presentation/bloc/settings_cubit.dart 17:23  SettingsCubit._init
  package:todo_test/features/settings/presentation/bloc/settings_cubit.dart 13:5   new SettingsCubit
  test\features\tasks\task_bloc_test.dart 45:21                                    main.<fn>
  ===== asynchronous gap ===========================
  dart:async                                                                       _Completer.completeError
  package:hive_ce/src/hive_impl.dart 150:19                                        HiveImpl._openBox
  ===== asynchronous gap ===========================
  dart:async                                                                       _CustomZone.registerBinaryCallback
  package:hive_ce/src/hive_impl.dart 110:21                                        HiveImpl._openBox
  package:hive_ce/src/hive_impl.dart 174:18                                        HiveImpl.openBox
  package:todo_test/features/settings/presentation/bloc/settings_cubit.dart 17:23  SettingsCubit._init
  package:todo_test/features/settings/presentation/bloc/settings_cubit.dart 13:5   new SettingsCubit
  test\features\tasks\task_bloc_test.dart 45:21                                    main.<fn>
  
00:00 +0 -11: C:/Users/mento/Downloads/todo_test/test/widget_test.dart: App builds without errors
00:00 +0 -11: C:/Users/mento/Downloads/todo_test/test/features/tasks/task_bloc_test.dart: TaskEntity isOverdue returns false for completed task [E]
  HiveError: You need to initialize Hive or provide a path to store the box.
  package:hive_ce/src/backend/vm/backend_manager.dart 30:7                         BackendManager.open
  package:hive_ce/src/hive_impl.dart 110:36                                        HiveImpl._openBox
  package:hive_ce/src/hive_impl.dart 174:18                                        HiveImpl.openBox
  package:todo_test/features/settings/presentation/bloc/settings_cubit.dart 17:23  SettingsCubit._init
  package:todo_test/features/settings/presentation/bloc/settings_cubit.dart 13:5   new SettingsCubit
  test\features\tasks\task_bloc_test.dart 45:21                                    main.<fn>
  ===== asynchronous gap ===========================
  dart:async                                                                       _Completer.completeError
  package:hive_ce/src/hive_impl.dart 150:19                                        HiveImpl._openBox
  ===== asynchronous gap ===========================
  dart:async                                                                       _CustomZone.registerBinaryCallback
  package:hive_ce/src/hive_impl.dart 110:21                                        HiveImpl._openBox
  package:hive_ce/src/hive_impl.dart 174:18                                        HiveImpl.openBox
  package:todo_test/features/settings/presentation/bloc/settings_cubit.dart 17:23  SettingsCubit._init
  package:todo_test/features/settings/presentation/bloc/settings_cubit.dart 13:5   new SettingsCubit
  test\features\tasks\task_bloc_test.dart 45:21                                    main.<fn>
  
00:00 +0 -11: C:/Users/mento/Downloads/todo_test/test/widget_test.dart: App builds without errors
00:00 +1 -11: Some tests failed.
